        Placement Information by Vertex
        ===============================

Generated: Sun Apr 11 12:33:30 2021 for target machine '10.11.208.129'

**** Vertex: '1D'
Model: AbstractPopulationVertex
Pop size: 900
Machine Vertices: 
  Slice 0:254 (255 atoms) 
  Slice 255:509 (255 atoms) 
  Slice 510:764 (255 atoms) 
  Slice 765:899 (135 atoms) 

**** Vertex: '2D'
Model: AbstractPopulationVertex
Pop size: 900
Machine Vertices: 
  Slice 0:254 (255 atoms) 
  Slice 255:509 (255 atoms) 
  Slice 510:764 (255 atoms) 
  Slice 765:899 (135 atoms) 

**** Vertex: '3D'
Model: AbstractPopulationVertex
Pop size: 1000
Machine Vertices: 
  Slice 0:254 (255 atoms) 
  Slice 255:509 (255 atoms) 
  Slice 510:764 (255 atoms) 
  Slice 765:999 (235 atoms) 

**** Vertex: 'Sphere'
Model: AbstractPopulationVertex
Pop size: 1000
Machine Vertices: 
  Slice 0:254 (255 atoms) 
  Slice 255:509 (255 atoms) 
  Slice 510:764 (255 atoms) 
  Slice 765:999 (235 atoms) 

**** Vertex: 'Cuboid'
Model: AbstractPopulationVertex
Pop size: 1000
Machine Vertices: 
  Slice 0:254 (255 atoms) 
  Slice 255:509 (255 atoms) 
  Slice 510:764 (255 atoms) 
  Slice 765:999 (235 atoms) 

**** Vertex: 'Thalamus'
Model: SpikeSourceArrayVertex
Pop size: 900
Machine Vertices: 
  Slice 0:899 (900 atoms) 

