*** Vertices:
Vertex AbstractPopulationVertex_1, size: 80, model: AbstractPopulationVertex
    Constraints:
        MaxVertexAtomsConstraint(size=255)
    Outgoing Edge Partitions:
    Partition SPIKE:
        Edge: projection edge 0, From AbstractPopulationVertex_1 to AbstractPopulationVertex_1, model: ProjectionApplicationEdge
        Edge: projection edge 1, From AbstractPopulationVertex_1 to AbstractPopulationVertex_2, model: ProjectionApplicationEdge

Vertex AbstractPopulationVertex_2, size: 20, model: AbstractPopulationVertex
    Constraints:
        MaxVertexAtomsConstraint(size=255)
    Outgoing Edge Partitions:
    Partition SPIKE:
        Edge: projection edge 2, From AbstractPopulationVertex_2 to AbstractPopulationVertex_2, model: ProjectionApplicationEdge
        Edge: projection edge 3, From AbstractPopulationVertex_2 to AbstractPopulationVertex_1, model: ProjectionApplicationEdge

Vertex thalamus, size: 80, model: SpikeSourceArrayVertex
    Constraints:
        MaxVertexAtomsConstraint(size=9223372036854775807)
    Outgoing Edge Partitions:
    Partition SPIKE:
        Edge: thalamus-exc connections, From thalamus to AbstractPopulationVertex_1, model: ProjectionApplicationEdge

Vertex thalamus3, size: 80, model: SpikeSourceArrayVertex
    Constraints:
        MaxVertexAtomsConstraint(size=9223372036854775807)
    Outgoing Edge Partitions:
    Partition SPIKE:
        Edge: thalamus-exc connections, From thalamus3 to AbstractPopulationVertex_1, model: ProjectionApplicationEdge

Vertex thalamus4, size: 80, model: SpikeSourceArrayVertex
    Constraints:
        MaxVertexAtomsConstraint(size=9223372036854775807)
    Outgoing Edge Partitions:
    Partition SPIKE:
        Edge: thalamus-exc connections, From thalamus4 to AbstractPopulationVertex_1, model: ProjectionApplicationEdge

Vertex thalamus5, size: 80, model: SpikeSourceArrayVertex
    Constraints:
        MaxVertexAtomsConstraint(size=9223372036854775807)
    Outgoing Edge Partitions:
    Partition SPIKE:
        Edge: thalamus-exc connections, From thalamus5 to AbstractPopulationVertex_1, model: ProjectionApplicationEdge

Vertex thalamus6, size: 80, model: SpikeSourceArrayVertex
    Constraints:
        MaxVertexAtomsConstraint(size=9223372036854775807)
    Outgoing Edge Partitions:
    Partition SPIKE:
        Edge: thalamus-exc connections, From thalamus6 to AbstractPopulationVertex_1, model: ProjectionApplicationEdge

Vertex thalamus7, size: 80, model: SpikeSourceArrayVertex
    Constraints:
        MaxVertexAtomsConstraint(size=9223372036854775807)
    Outgoing Edge Partitions:
    Partition SPIKE:
        Edge: thalamus-exc connections, From thalamus7 to AbstractPopulationVertex_1, model: ProjectionApplicationEdge

Vertex thalamus8, size: 80, model: SpikeSourceArrayVertex
    Constraints:
        MaxVertexAtomsConstraint(size=9223372036854775807)
    Outgoing Edge Partitions:
    Partition SPIKE:
        Edge: thalamus-exc connections, From thalamus8 to AbstractPopulationVertex_1, model: ProjectionApplicationEdge

Vertex thalamus9, size: 80, model: SpikeSourceArrayVertex
    Constraints:
        MaxVertexAtomsConstraint(size=9223372036854775807)
    Outgoing Edge Partitions:
    Partition SPIKE:
        Edge: thalamus-exc connections, From thalamus9 to AbstractPopulationVertex_1, model: ProjectionApplicationEdge

Vertex thalamus10, size: 80, model: SpikeSourceArrayVertex
    Constraints:
        MaxVertexAtomsConstraint(size=9223372036854775807)
    Outgoing Edge Partitions:
    Partition SPIKE:
        Edge: thalamus-exc connections, From thalamus10 to AbstractPopulationVertex_1, model: ProjectionApplicationEdge

